<?xml version="1.0" encoding="UTF-8"?>
<testsuites name="Mocha Tests" time="19.326" tests="2" failures="0">
  <testsuite name="Root Suite" timestamp="2024-02-08T12:39:51" tests="0" file="cypress/e2e/loginToSeePrices.spec.js" time="0.000" failures="0">
  </testsuite>
  <testsuite name="validate user can only see price for some items after login" timestamp="2024-02-08T12:39:51" tests="2" time="19.323" failures="0">
    <testcase name="validate user can only see price for some items after login should see the item price only after login" time="13.335" classname="should see the item price only after login">
    </testcase>
    <testcase name="validate user can only see price for some items after login should not be able to see the pricing without login" time="5.903" classname="should not be able to see the pricing without login">
    </testcase>
  </testsuite>
</testsuites>